2025-09-20 18:47:56 [info] ✅ Database connection established.
2025-09-20 18:47:56 [info] ✅ Database synchronized.
2025-09-20 18:47:56 [info] 🚀 Server running on http://localhost:3001
2025-09-20 18:52:08 [info] ✅ Database connection established.
2025-09-20 18:52:09 [info] ✅ Database synchronized.
2025-09-20 18:52:09 [info] 🚀 Server running on http://localhost:3001
2025-09-20 18:52:18 [info] GET /api/v1/assets/list?templateId=1
2025-09-20 18:52:18 [info] Incoming Request: GET /api/v1/assets/list?templateId=1
2025-09-20 18:52:18 [info] GET /list called with query: {"templateId":"1"}
2025-09-20 18:52:18 [info] Fetching assets for templateId: 1
2025-09-20 18:52:18 [info] [AssetDAO] Listing assets with options: {"where":{"templateId":1},"order":[["assetname","ASC"]]}
2025-09-20 18:52:18 [info] [AssetDAO] Found 1 assets
2025-09-20 18:52:18 [info] Found 1 assets for templateId: 1
2025-09-20 18:52:18 [info] Assets fetched for templateId 1: [{"assetId":1,"assetname":"Asset 1","description":"Description 1","figmaURL":"https://figma.com/asset1","figmaId":"figma01","templateId":1,"verticalId":1}]
2025-09-20 19:01:08 [info] ✅ Database connection established.
2025-09-20 19:01:09 [info] ✅ Database synchronized.
2025-09-20 19:01:09 [info] 🚀 Server running on http://localhost:3001
2025-09-20 19:01:15 [info] POST /api/v1/verticals/save
2025-09-20 19:01:15 [info] Incoming Request: POST /api/v1/verticals/save
2025-09-20 19:01:15 [info] POST /vertical/save called with data: {"verticalname":"aish12"}
2025-09-20 19:01:15 [info] Saving vertical: aish12
2025-09-20 19:01:15 [info] [VerticalDAO] Listing all verticals
2025-09-20 19:01:15 [info] [VerticalDAO] Found 10 verticals
2025-09-20 19:01:15 [info] [VerticalDAO] Saving vertical: aish12
2025-09-20 19:01:15 [info] [VerticalDAO] Vertical saved successfully: aish12 (ID: 11)
2025-09-20 19:01:15 [info] Vertical saved successfully: aish12 (ID: 11)
2025-09-20 19:01:15 [info] Vertical saved successfully: {"verticalId":11,"verticalname":"aish12"}
2025-09-20 19:01:18 [info] POST /api/v1/verticals/save
2025-09-20 19:01:18 [info] Incoming Request: POST /api/v1/verticals/save
2025-09-20 19:01:18 [info] POST /vertical/save called with data: {"verticalname":"aish12"}
2025-09-20 19:01:18 [info] Saving vertical: aish12
2025-09-20 19:01:18 [info] [VerticalDAO] Listing all verticals
2025-09-20 19:01:18 [info] [VerticalDAO] Found 11 verticals
2025-09-20 19:01:18 [error] verticalname already exists, please use another name.
2025-09-20 19:01:18 [error] Error saving vertical: verticalname already exists, please use another name.
2025-09-20 19:01:18 [error] Error in POST /vertical/save: verticalname already exists, please use another name.
2025-09-20 19:02:19 [info] [Sequelize] Executing (default): SELECT 1+1 AS result
2025-09-20 19:02:19 [info] ✅ Database connection established.
2025-09-20 19:02:19 [info] [Sequelize] Executing (default): SELECT table_name FROM information_schema.tables WHERE table_schema = 'public' AND table_name = 'verticals'
2025-09-20 19:02:19 [info] [Sequelize] Executing (default): SELECT pk.constraint_type as "Constraint",c.column_name as "Field", c.column_default as "Default",c.is_nullable as "Null", (CASE WHEN c.udt_name = 'hstore' THEN c.udt_name ELSE c.data_type END) || (CASE WHEN c.character_maximum_length IS NOT NULL THEN '(' || c.character_maximum_length || ')' ELSE '' END) as "Type", (SELECT array_agg(e.enumlabel) FROM pg_catalog.pg_type t JOIN pg_catalog.pg_enum e ON t.oid=e.enumtypid WHERE t.typname=c.udt_name) AS "special", (SELECT pgd.description FROM pg_catalog.pg_statio_all_tables AS st INNER JOIN pg_catalog.pg_description pgd on (pgd.objoid=st.relid) WHERE c.ordinal_position=pgd.objsubid AND c.table_name=st.relname) AS "Comment" FROM information_schema.columns c LEFT JOIN (SELECT tc.table_schema, tc.table_name, cu.column_name, tc.constraint_type FROM information_schema.TABLE_CONSTRAINTS tc JOIN information_schema.KEY_COLUMN_USAGE  cu ON tc.table_schema=cu.table_schema and tc.table_name=cu.table_name and tc.constraint_name=cu.constraint_name and tc.constraint_type='PRIMARY KEY') pk ON pk.table_schema=c.table_schema AND pk.table_name=c.table_name AND pk.column_name=c.column_name WHERE c.table_name = 'verticals' AND c.table_schema = 'public'
2025-09-20 19:02:19 [info] [Sequelize] Executing (default): SELECT DISTINCT tc.constraint_name as constraint_name, tc.constraint_schema as constraint_schema, tc.constraint_catalog as constraint_catalog, tc.table_name as table_name,tc.table_schema as table_schema,tc.table_catalog as table_catalog,tc.initially_deferred as initially_deferred,tc.is_deferrable as is_deferrable,kcu.column_name as column_name,ccu.table_schema  AS referenced_table_schema,ccu.table_catalog  AS referenced_table_catalog,ccu.table_name  AS referenced_table_name,ccu.column_name AS referenced_column_name FROM information_schema.table_constraints AS tc JOIN information_schema.key_column_usage AS kcu ON tc.constraint_name = kcu.constraint_name JOIN information_schema.constraint_column_usage AS ccu ON ccu.constraint_name = tc.constraint_name WHERE constraint_type = 'FOREIGN KEY' AND tc.table_name = 'verticals' AND tc.table_catalog = 'DesireAI'
2025-09-20 19:02:19 [info] [Sequelize] Executing (default): ALTER TABLE "verticals" ALTER COLUMN "verticalName" SET NOT NULL;ALTER TABLE "verticals" ALTER COLUMN "verticalName" DROP DEFAULT;ALTER TABLE "verticals" ALTER COLUMN "verticalName" TYPE VARCHAR(100);
2025-09-20 19:02:19 [info] [Sequelize] Executing (default): ALTER TABLE "verticals" ALTER COLUMN "createdBy" DROP NOT NULL;ALTER TABLE "verticals" ALTER COLUMN "createdBy" DROP DEFAULT;ALTER TABLE "verticals" ALTER COLUMN "createdBy" TYPE VARCHAR(100);
2025-09-20 19:02:19 [info] [Sequelize] Executing (default): ALTER TABLE "verticals" ALTER COLUMN "updatedBy" DROP NOT NULL;ALTER TABLE "verticals" ALTER COLUMN "updatedBy" DROP DEFAULT;ALTER TABLE "verticals" ALTER COLUMN "updatedBy" TYPE VARCHAR(100);
2025-09-20 19:02:19 [info] [Sequelize] Executing (default): ALTER TABLE "verticals" ALTER COLUMN "deleted" DROP NOT NULL;ALTER TABLE "verticals" ALTER COLUMN "deleted" DROP DEFAULT;ALTER TABLE "verticals" ALTER COLUMN "deleted" TYPE BOOLEAN;
2025-09-20 19:02:19 [info] [Sequelize] Executing (default): ALTER TABLE "verticals" ALTER COLUMN "createdAt" SET NOT NULL;ALTER TABLE "verticals" ALTER COLUMN "createdAt" DROP DEFAULT;ALTER TABLE "verticals" ALTER COLUMN "createdAt" TYPE TIMESTAMP WITH TIME ZONE;
2025-09-20 19:02:19 [info] [Sequelize] Executing (default): ALTER TABLE "verticals" ALTER COLUMN "updatedAt" SET NOT NULL;ALTER TABLE "verticals" ALTER COLUMN "updatedAt" DROP DEFAULT;ALTER TABLE "verticals" ALTER COLUMN "updatedAt" TYPE TIMESTAMP WITH TIME ZONE;
2025-09-20 19:02:19 [info] [Sequelize] Executing (default): SELECT i.relname AS name, ix.indisprimary AS primary, ix.indisunique AS unique, ix.indkey AS indkey, array_agg(a.attnum) as column_indexes, array_agg(a.attname) AS column_names, pg_get_indexdef(ix.indexrelid) AS definition FROM pg_class t, pg_class i, pg_index ix, pg_attribute a WHERE t.oid = ix.indrelid AND i.oid = ix.indexrelid AND a.attrelid = t.oid AND t.relkind = 'r' and t.relname = 'verticals' GROUP BY i.relname, ix.indexrelid, ix.indisprimary, ix.indisunique, ix.indkey ORDER BY i.relname;
2025-09-20 19:02:19 [info] [Sequelize] Executing (default): SELECT table_name FROM information_schema.tables WHERE table_schema = 'public' AND table_name = 'templates'
2025-09-20 19:02:19 [info] [Sequelize] Executing (default): SELECT pk.constraint_type as "Constraint",c.column_name as "Field", c.column_default as "Default",c.is_nullable as "Null", (CASE WHEN c.udt_name = 'hstore' THEN c.udt_name ELSE c.data_type END) || (CASE WHEN c.character_maximum_length IS NOT NULL THEN '(' || c.character_maximum_length || ')' ELSE '' END) as "Type", (SELECT array_agg(e.enumlabel) FROM pg_catalog.pg_type t JOIN pg_catalog.pg_enum e ON t.oid=e.enumtypid WHERE t.typname=c.udt_name) AS "special", (SELECT pgd.description FROM pg_catalog.pg_statio_all_tables AS st INNER JOIN pg_catalog.pg_description pgd on (pgd.objoid=st.relid) WHERE c.ordinal_position=pgd.objsubid AND c.table_name=st.relname) AS "Comment" FROM information_schema.columns c LEFT JOIN (SELECT tc.table_schema, tc.table_name, cu.column_name, tc.constraint_type FROM information_schema.TABLE_CONSTRAINTS tc JOIN information_schema.KEY_COLUMN_USAGE  cu ON tc.table_schema=cu.table_schema and tc.table_name=cu.table_name and tc.constraint_name=cu.constraint_name and tc.constraint_type='PRIMARY KEY') pk ON pk.table_schema=c.table_schema AND pk.table_name=c.table_name AND pk.column_name=c.column_name WHERE c.table_name = 'templates' AND c.table_schema = 'public'
2025-09-20 19:02:19 [info] [Sequelize] Executing (default): SELECT DISTINCT tc.constraint_name as constraint_name, tc.constraint_schema as constraint_schema, tc.constraint_catalog as constraint_catalog, tc.table_name as table_name,tc.table_schema as table_schema,tc.table_catalog as table_catalog,tc.initially_deferred as initially_deferred,tc.is_deferrable as is_deferrable,kcu.column_name as column_name,ccu.table_schema  AS referenced_table_schema,ccu.table_catalog  AS referenced_table_catalog,ccu.table_name  AS referenced_table_name,ccu.column_name AS referenced_column_name FROM information_schema.table_constraints AS tc JOIN information_schema.key_column_usage AS kcu ON tc.constraint_name = kcu.constraint_name JOIN information_schema.constraint_column_usage AS ccu ON ccu.constraint_name = tc.constraint_name WHERE constraint_type = 'FOREIGN KEY' AND tc.table_name = 'templates' AND tc.table_catalog = 'DesireAI'
2025-09-20 19:02:19 [info] [Sequelize] Executing (default): ALTER TABLE "templates" ALTER COLUMN "templateName" SET NOT NULL;ALTER TABLE "templates" ALTER COLUMN "templateName" DROP DEFAULT;ALTER TABLE "templates" ALTER COLUMN "templateName" TYPE VARCHAR(100);
2025-09-20 19:02:19 [info] [Sequelize] Executing (default): ALTER TABLE "templates" DROP CONSTRAINT "templates_verticalId_fkey"
2025-09-20 19:02:19 [info] [Sequelize] Executing (default): ALTER TABLE "templates" ALTER COLUMN "verticalId" SET NOT NULL;ALTER TABLE "templates"  ADD FOREIGN KEY ("verticalId") REFERENCES "verticals" ("verticalId") ON DELETE CASCADE ON UPDATE CASCADE;
2025-09-20 19:02:19 [info] [Sequelize] Executing (default): ALTER TABLE "templates" ALTER COLUMN "stylePrompt" DROP NOT NULL;ALTER TABLE "templates" ALTER COLUMN "stylePrompt" DROP DEFAULT;ALTER TABLE "templates" ALTER COLUMN "stylePrompt" TYPE TEXT;
2025-09-20 19:02:19 [info] [Sequelize] Executing (default): ALTER TABLE "templates" ALTER COLUMN "createdBy" DROP NOT NULL;ALTER TABLE "templates" ALTER COLUMN "createdBy" DROP DEFAULT;ALTER TABLE "templates" ALTER COLUMN "createdBy" TYPE VARCHAR(100);
2025-09-20 19:02:19 [info] [Sequelize] Executing (default): ALTER TABLE "templates" ALTER COLUMN "updatedBy" DROP NOT NULL;ALTER TABLE "templates" ALTER COLUMN "updatedBy" DROP DEFAULT;ALTER TABLE "templates" ALTER COLUMN "updatedBy" TYPE VARCHAR(100);
2025-09-20 19:02:19 [info] [Sequelize] Executing (default): ALTER TABLE "templates" ALTER COLUMN "deleted" DROP NOT NULL;ALTER TABLE "templates" ALTER COLUMN "deleted" DROP DEFAULT;ALTER TABLE "templates" ALTER COLUMN "deleted" TYPE BOOLEAN;
2025-09-20 19:02:19 [info] [Sequelize] Executing (default): ALTER TABLE "templates" ALTER COLUMN "createdAt" SET NOT NULL;ALTER TABLE "templates" ALTER COLUMN "createdAt" DROP DEFAULT;ALTER TABLE "templates" ALTER COLUMN "createdAt" TYPE TIMESTAMP WITH TIME ZONE;
2025-09-20 19:02:19 [info] [Sequelize] Executing (default): ALTER TABLE "templates" ALTER COLUMN "updatedAt" SET NOT NULL;ALTER TABLE "templates" ALTER COLUMN "updatedAt" DROP DEFAULT;ALTER TABLE "templates" ALTER COLUMN "updatedAt" TYPE TIMESTAMP WITH TIME ZONE;
2025-09-20 19:02:19 [info] [Sequelize] Executing (default): SELECT i.relname AS name, ix.indisprimary AS primary, ix.indisunique AS unique, ix.indkey AS indkey, array_agg(a.attnum) as column_indexes, array_agg(a.attname) AS column_names, pg_get_indexdef(ix.indexrelid) AS definition FROM pg_class t, pg_class i, pg_index ix, pg_attribute a WHERE t.oid = ix.indrelid AND i.oid = ix.indexrelid AND a.attrelid = t.oid AND t.relkind = 'r' and t.relname = 'templates' GROUP BY i.relname, ix.indexrelid, ix.indisprimary, ix.indisunique, ix.indkey ORDER BY i.relname;
2025-09-20 19:02:19 [info] [Sequelize] Executing (default): SELECT table_name FROM information_schema.tables WHERE table_schema = 'public' AND table_name = 'assets'
2025-09-20 19:02:19 [info] [Sequelize] Executing (default): SELECT pk.constraint_type as "Constraint",c.column_name as "Field", c.column_default as "Default",c.is_nullable as "Null", (CASE WHEN c.udt_name = 'hstore' THEN c.udt_name ELSE c.data_type END) || (CASE WHEN c.character_maximum_length IS NOT NULL THEN '(' || c.character_maximum_length || ')' ELSE '' END) as "Type", (SELECT array_agg(e.enumlabel) FROM pg_catalog.pg_type t JOIN pg_catalog.pg_enum e ON t.oid=e.enumtypid WHERE t.typname=c.udt_name) AS "special", (SELECT pgd.description FROM pg_catalog.pg_statio_all_tables AS st INNER JOIN pg_catalog.pg_description pgd on (pgd.objoid=st.relid) WHERE c.ordinal_position=pgd.objsubid AND c.table_name=st.relname) AS "Comment" FROM information_schema.columns c LEFT JOIN (SELECT tc.table_schema, tc.table_name, cu.column_name, tc.constraint_type FROM information_schema.TABLE_CONSTRAINTS tc JOIN information_schema.KEY_COLUMN_USAGE  cu ON tc.table_schema=cu.table_schema and tc.table_name=cu.table_name and tc.constraint_name=cu.constraint_name and tc.constraint_type='PRIMARY KEY') pk ON pk.table_schema=c.table_schema AND pk.table_name=c.table_name AND pk.column_name=c.column_name WHERE c.table_name = 'assets' AND c.table_schema = 'public'
2025-09-20 19:02:19 [info] [Sequelize] Executing (default): SELECT DISTINCT tc.constraint_name as constraint_name, tc.constraint_schema as constraint_schema, tc.constraint_catalog as constraint_catalog, tc.table_name as table_name,tc.table_schema as table_schema,tc.table_catalog as table_catalog,tc.initially_deferred as initially_deferred,tc.is_deferrable as is_deferrable,kcu.column_name as column_name,ccu.table_schema  AS referenced_table_schema,ccu.table_catalog  AS referenced_table_catalog,ccu.table_name  AS referenced_table_name,ccu.column_name AS referenced_column_name FROM information_schema.table_constraints AS tc JOIN information_schema.key_column_usage AS kcu ON tc.constraint_name = kcu.constraint_name JOIN information_schema.constraint_column_usage AS ccu ON ccu.constraint_name = tc.constraint_name WHERE constraint_type = 'FOREIGN KEY' AND tc.table_name = 'assets' AND tc.table_catalog = 'DesireAI'
2025-09-20 19:02:19 [info] [Sequelize] Executing (default): ALTER TABLE "assets" ALTER COLUMN "assetname" SET NOT NULL;ALTER TABLE "assets" ALTER COLUMN "assetname" DROP DEFAULT;ALTER TABLE "assets" ALTER COLUMN "assetname" TYPE VARCHAR(100);
2025-09-20 19:02:19 [info] [Sequelize] Executing (default): ALTER TABLE "assets" ALTER COLUMN "description" DROP NOT NULL;ALTER TABLE "assets" ALTER COLUMN "description" DROP DEFAULT;ALTER TABLE "assets" ALTER COLUMN "description" TYPE TEXT;
2025-09-20 19:02:19 [info] [Sequelize] Executing (default): ALTER TABLE "assets" ALTER COLUMN "figmaURL" DROP NOT NULL;ALTER TABLE "assets" ALTER COLUMN "figmaURL" DROP DEFAULT;ALTER TABLE "assets" ALTER COLUMN "figmaURL" TYPE VARCHAR(255);
2025-09-20 19:02:19 [info] [Sequelize] Executing (default): ALTER TABLE "assets" ALTER COLUMN "figmaId" DROP NOT NULL;ALTER TABLE "assets" ALTER COLUMN "figmaId" DROP DEFAULT;ALTER TABLE "assets" ALTER COLUMN "figmaId" TYPE VARCHAR(100);
2025-09-20 19:02:19 [info] [Sequelize] Executing (default): ALTER TABLE "assets" DROP CONSTRAINT "assets_verticalId_fkey"
2025-09-20 19:02:19 [info] [Sequelize] Executing (default): ALTER TABLE "assets" ALTER COLUMN "verticalId" SET NOT NULL;ALTER TABLE "assets"  ADD FOREIGN KEY ("verticalId") REFERENCES "verticals" ("verticalId") ON DELETE CASCADE ON UPDATE CASCADE;
2025-09-20 19:02:19 [info] [Sequelize] Executing (default): ALTER TABLE "assets" DROP CONSTRAINT "assets_templateId_fkey"
2025-09-20 19:02:19 [info] [Sequelize] Executing (default): ALTER TABLE "assets" ALTER COLUMN "templateId" SET NOT NULL;ALTER TABLE "assets"  ADD FOREIGN KEY ("templateId") REFERENCES "templates" ("templateId") ON DELETE CASCADE ON UPDATE CASCADE;
2025-09-20 19:02:19 [info] [Sequelize] Executing (default): ALTER TABLE "assets" ALTER COLUMN "stylePrompt" DROP NOT NULL;ALTER TABLE "assets" ALTER COLUMN "stylePrompt" DROP DEFAULT;ALTER TABLE "assets" ALTER COLUMN "stylePrompt" TYPE VARCHAR(100);
2025-09-20 19:02:19 [info] [Sequelize] Executing (default): ALTER TABLE "assets" ALTER COLUMN "createdBy" DROP NOT NULL;ALTER TABLE "assets" ALTER COLUMN "createdBy" DROP DEFAULT;ALTER TABLE "assets" ALTER COLUMN "createdBy" TYPE VARCHAR(100);
2025-09-20 19:02:19 [info] [Sequelize] Executing (default): ALTER TABLE "assets" ALTER COLUMN "updatedBy" DROP NOT NULL;ALTER TABLE "assets" ALTER COLUMN "updatedBy" DROP DEFAULT;ALTER TABLE "assets" ALTER COLUMN "updatedBy" TYPE VARCHAR(100);
2025-09-20 19:02:19 [info] [Sequelize] Executing (default): ALTER TABLE "assets" ALTER COLUMN "deleted" DROP NOT NULL;ALTER TABLE "assets" ALTER COLUMN "deleted" SET DEFAULT false;ALTER TABLE "assets" ALTER COLUMN "deleted" TYPE BOOLEAN;
2025-09-20 19:02:19 [info] [Sequelize] Executing (default): ALTER TABLE "assets" ALTER COLUMN "createdAt" DROP NOT NULL;ALTER TABLE "assets" ALTER COLUMN "createdAt" DROP DEFAULT;ALTER TABLE "assets" ALTER COLUMN "createdAt" TYPE TIMESTAMP WITH TIME ZONE;
2025-09-20 19:02:19 [info] [Sequelize] Executing (default): ALTER TABLE "assets" ALTER COLUMN "updatedAt" DROP NOT NULL;ALTER TABLE "assets" ALTER COLUMN "updatedAt" DROP DEFAULT;ALTER TABLE "assets" ALTER COLUMN "updatedAt" TYPE TIMESTAMP WITH TIME ZONE;
2025-09-20 19:02:19 [info] [Sequelize] Executing (default): SELECT i.relname AS name, ix.indisprimary AS primary, ix.indisunique AS unique, ix.indkey AS indkey, array_agg(a.attnum) as column_indexes, array_agg(a.attname) AS column_names, pg_get_indexdef(ix.indexrelid) AS definition FROM pg_class t, pg_class i, pg_index ix, pg_attribute a WHERE t.oid = ix.indrelid AND i.oid = ix.indexrelid AND a.attrelid = t.oid AND t.relkind = 'r' and t.relname = 'assets' GROUP BY i.relname, ix.indexrelid, ix.indisprimary, ix.indisunique, ix.indkey ORDER BY i.relname;
2025-09-20 19:02:19 [info] [Sequelize] Executing (default): SELECT table_name FROM information_schema.tables WHERE table_schema = 'public' AND table_name = 'campaigns'
2025-09-20 19:02:19 [info] [Sequelize] Executing (default): SELECT pk.constraint_type as "Constraint",c.column_name as "Field", c.column_default as "Default",c.is_nullable as "Null", (CASE WHEN c.udt_name = 'hstore' THEN c.udt_name ELSE c.data_type END) || (CASE WHEN c.character_maximum_length IS NOT NULL THEN '(' || c.character_maximum_length || ')' ELSE '' END) as "Type", (SELECT array_agg(e.enumlabel) FROM pg_catalog.pg_type t JOIN pg_catalog.pg_enum e ON t.oid=e.enumtypid WHERE t.typname=c.udt_name) AS "special", (SELECT pgd.description FROM pg_catalog.pg_statio_all_tables AS st INNER JOIN pg_catalog.pg_description pgd on (pgd.objoid=st.relid) WHERE c.ordinal_position=pgd.objsubid AND c.table_name=st.relname) AS "Comment" FROM information_schema.columns c LEFT JOIN (SELECT tc.table_schema, tc.table_name, cu.column_name, tc.constraint_type FROM information_schema.TABLE_CONSTRAINTS tc JOIN information_schema.KEY_COLUMN_USAGE  cu ON tc.table_schema=cu.table_schema and tc.table_name=cu.table_name and tc.constraint_name=cu.constraint_name and tc.constraint_type='PRIMARY KEY') pk ON pk.table_schema=c.table_schema AND pk.table_name=c.table_name AND pk.column_name=c.column_name WHERE c.table_name = 'campaigns' AND c.table_schema = 'public'
2025-09-20 19:02:19 [info] [Sequelize] Executing (default): SELECT DISTINCT tc.constraint_name as constraint_name, tc.constraint_schema as constraint_schema, tc.constraint_catalog as constraint_catalog, tc.table_name as table_name,tc.table_schema as table_schema,tc.table_catalog as table_catalog,tc.initially_deferred as initially_deferred,tc.is_deferrable as is_deferrable,kcu.column_name as column_name,ccu.table_schema  AS referenced_table_schema,ccu.table_catalog  AS referenced_table_catalog,ccu.table_name  AS referenced_table_name,ccu.column_name AS referenced_column_name FROM information_schema.table_constraints AS tc JOIN information_schema.key_column_usage AS kcu ON tc.constraint_name = kcu.constraint_name JOIN information_schema.constraint_column_usage AS ccu ON ccu.constraint_name = tc.constraint_name WHERE constraint_type = 'FOREIGN KEY' AND tc.table_name = 'campaigns' AND tc.table_catalog = 'DesireAI'
2025-09-20 19:02:19 [info] [Sequelize] Executing (default): ALTER TABLE "campaigns" ALTER COLUMN "campaignName" SET NOT NULL;ALTER TABLE "campaigns" ALTER COLUMN "campaignName" DROP DEFAULT;ALTER TABLE "campaigns" ALTER COLUMN "campaignName" TYPE VARCHAR(150);
2025-09-20 19:02:19 [info] [Sequelize] Executing (default): ALTER TABLE "campaigns" ALTER COLUMN "description" DROP NOT NULL;ALTER TABLE "campaigns" ALTER COLUMN "description" DROP DEFAULT;ALTER TABLE "campaigns" ALTER COLUMN "description" TYPE TEXT;
2025-09-20 19:02:19 [info] [Sequelize] Executing (default): ALTER TABLE "campaigns" ALTER COLUMN "fromDate" SET NOT NULL;ALTER TABLE "campaigns" ALTER COLUMN "fromDate" DROP DEFAULT;ALTER TABLE "campaigns" ALTER COLUMN "fromDate" TYPE TIMESTAMP WITH TIME ZONE;
2025-09-20 19:02:19 [info] [Sequelize] Executing (default): ALTER TABLE "campaigns" ALTER COLUMN "toDate" SET NOT NULL;ALTER TABLE "campaigns" ALTER COLUMN "toDate" DROP DEFAULT;ALTER TABLE "campaigns" ALTER COLUMN "toDate" TYPE TIMESTAMP WITH TIME ZONE;
2025-09-20 19:02:19 [info] [Sequelize] Executing (default): ALTER TABLE "campaigns" ALTER COLUMN "status" DROP NOT NULL;ALTER TABLE "campaigns" ALTER COLUMN "status" DROP DEFAULT;ALTER TABLE "campaigns" ALTER COLUMN "status" TYPE VARCHAR(50);
2025-09-20 19:02:19 [info] [Sequelize] Executing (default): ALTER TABLE "campaigns" DROP CONSTRAINT "campaigns_verticalId_fkey"
2025-09-20 19:02:19 [info] [Sequelize] Executing (default): ALTER TABLE "campaigns" ALTER COLUMN "verticalId" SET NOT NULL;ALTER TABLE "campaigns"  ADD FOREIGN KEY ("verticalId") REFERENCES "verticals" ("verticalId") ON DELETE CASCADE ON UPDATE CASCADE;
2025-09-20 19:02:19 [info] [Sequelize] Executing (default): ALTER TABLE "campaigns" DROP CONSTRAINT "campaigns_templateId_fkey"
2025-09-20 19:02:19 [info] [Sequelize] Executing (default): ALTER TABLE "campaigns" ALTER COLUMN "templateId" SET NOT NULL;ALTER TABLE "campaigns"  ADD FOREIGN KEY ("templateId") REFERENCES "templates" ("templateId") ON DELETE CASCADE ON UPDATE CASCADE;
2025-09-20 19:02:19 [info] [Sequelize] Executing (default): ALTER TABLE "campaigns" ALTER COLUMN "createdBy" DROP NOT NULL;ALTER TABLE "campaigns" ALTER COLUMN "createdBy" DROP DEFAULT;ALTER TABLE "campaigns" ALTER COLUMN "createdBy" TYPE VARCHAR(100);
2025-09-20 19:02:19 [info] [Sequelize] Executing (default): ALTER TABLE "campaigns" ALTER COLUMN "updatedBy" DROP NOT NULL;ALTER TABLE "campaigns" ALTER COLUMN "updatedBy" DROP DEFAULT;ALTER TABLE "campaigns" ALTER COLUMN "updatedBy" TYPE VARCHAR(100);
2025-09-20 19:02:19 [info] [Sequelize] Executing (default): ALTER TABLE "campaigns" ALTER COLUMN "deleted" DROP NOT NULL;ALTER TABLE "campaigns" ALTER COLUMN "deleted" DROP DEFAULT;ALTER TABLE "campaigns" ALTER COLUMN "deleted" TYPE BOOLEAN;
2025-09-20 19:02:19 [info] [Sequelize] Executing (default): ALTER TABLE "campaigns" ALTER COLUMN "createdAt" DROP NOT NULL;ALTER TABLE "campaigns" ALTER COLUMN "createdAt" DROP DEFAULT;ALTER TABLE "campaigns" ALTER COLUMN "createdAt" TYPE TIMESTAMP WITH TIME ZONE;
2025-09-20 19:02:19 [info] [Sequelize] Executing (default): ALTER TABLE "campaigns" ALTER COLUMN "updatedAt" DROP NOT NULL;ALTER TABLE "campaigns" ALTER COLUMN "updatedAt" DROP DEFAULT;ALTER TABLE "campaigns" ALTER COLUMN "updatedAt" TYPE TIMESTAMP WITH TIME ZONE;
2025-09-20 19:02:19 [info] [Sequelize] Executing (default): SELECT i.relname AS name, ix.indisprimary AS primary, ix.indisunique AS unique, ix.indkey AS indkey, array_agg(a.attnum) as column_indexes, array_agg(a.attname) AS column_names, pg_get_indexdef(ix.indexrelid) AS definition FROM pg_class t, pg_class i, pg_index ix, pg_attribute a WHERE t.oid = ix.indrelid AND i.oid = ix.indexrelid AND a.attrelid = t.oid AND t.relkind = 'r' and t.relname = 'campaigns' GROUP BY i.relname, ix.indexrelid, ix.indisprimary, ix.indisunique, ix.indkey ORDER BY i.relname;
2025-09-20 19:02:19 [info] [Sequelize] Executing (default): SELECT table_name FROM information_schema.tables WHERE table_schema = 'public' AND table_name = 'campaignassets'
2025-09-20 19:02:19 [info] [Sequelize] Executing (default): SELECT pk.constraint_type as "Constraint",c.column_name as "Field", c.column_default as "Default",c.is_nullable as "Null", (CASE WHEN c.udt_name = 'hstore' THEN c.udt_name ELSE c.data_type END) || (CASE WHEN c.character_maximum_length IS NOT NULL THEN '(' || c.character_maximum_length || ')' ELSE '' END) as "Type", (SELECT array_agg(e.enumlabel) FROM pg_catalog.pg_type t JOIN pg_catalog.pg_enum e ON t.oid=e.enumtypid WHERE t.typname=c.udt_name) AS "special", (SELECT pgd.description FROM pg_catalog.pg_statio_all_tables AS st INNER JOIN pg_catalog.pg_description pgd on (pgd.objoid=st.relid) WHERE c.ordinal_position=pgd.objsubid AND c.table_name=st.relname) AS "Comment" FROM information_schema.columns c LEFT JOIN (SELECT tc.table_schema, tc.table_name, cu.column_name, tc.constraint_type FROM information_schema.TABLE_CONSTRAINTS tc JOIN information_schema.KEY_COLUMN_USAGE  cu ON tc.table_schema=cu.table_schema and tc.table_name=cu.table_name and tc.constraint_name=cu.constraint_name and tc.constraint_type='PRIMARY KEY') pk ON pk.table_schema=c.table_schema AND pk.table_name=c.table_name AND pk.column_name=c.column_name WHERE c.table_name = 'campaignassets' AND c.table_schema = 'public'
2025-09-20 19:02:19 [info] [Sequelize] Executing (default): SELECT DISTINCT tc.constraint_name as constraint_name, tc.constraint_schema as constraint_schema, tc.constraint_catalog as constraint_catalog, tc.table_name as table_name,tc.table_schema as table_schema,tc.table_catalog as table_catalog,tc.initially_deferred as initially_deferred,tc.is_deferrable as is_deferrable,kcu.column_name as column_name,ccu.table_schema  AS referenced_table_schema,ccu.table_catalog  AS referenced_table_catalog,ccu.table_name  AS referenced_table_name,ccu.column_name AS referenced_column_name FROM information_schema.table_constraints AS tc JOIN information_schema.key_column_usage AS kcu ON tc.constraint_name = kcu.constraint_name JOIN information_schema.constraint_column_usage AS ccu ON ccu.constraint_name = tc.constraint_name WHERE constraint_type = 'FOREIGN KEY' AND tc.table_name = 'campaignassets' AND tc.table_catalog = 'DesireAI'
2025-09-20 19:02:19 [info] [Sequelize] Executing (default): ALTER TABLE "campaignassets" ALTER COLUMN "assetname" DROP NOT NULL;ALTER TABLE "campaignassets" ALTER COLUMN "assetname" DROP DEFAULT;ALTER TABLE "campaignassets" ALTER COLUMN "assetname" TYPE VARCHAR(100);
2025-09-20 19:02:19 [info] [Sequelize] Executing (default): ALTER TABLE "campaignassets" ALTER COLUMN "clonedFigmaId" DROP NOT NULL;ALTER TABLE "campaignassets" ALTER COLUMN "clonedFigmaId" DROP DEFAULT;ALTER TABLE "campaignassets" ALTER COLUMN "clonedFigmaId" TYPE VARCHAR(100);
2025-09-20 19:02:19 [info] [Sequelize] Executing (default): ALTER TABLE "campaignassets" ALTER COLUMN "createdBy" DROP NOT NULL;ALTER TABLE "campaignassets" ALTER COLUMN "createdBy" DROP DEFAULT;ALTER TABLE "campaignassets" ALTER COLUMN "createdBy" TYPE VARCHAR(100);
2025-09-20 19:02:19 [info] [Sequelize] Executing (default): ALTER TABLE "campaignassets" ALTER COLUMN "updatedBy" DROP NOT NULL;ALTER TABLE "campaignassets" ALTER COLUMN "updatedBy" DROP DEFAULT;ALTER TABLE "campaignassets" ALTER COLUMN "updatedBy" TYPE VARCHAR(100);
2025-09-20 19:02:19 [info] [Sequelize] Executing (default): ALTER TABLE "campaignassets" ALTER COLUMN "deleted" DROP NOT NULL;ALTER TABLE "campaignassets" ALTER COLUMN "deleted" SET DEFAULT false;ALTER TABLE "campaignassets" ALTER COLUMN "deleted" TYPE BOOLEAN;
2025-09-20 19:02:19 [info] [Sequelize] Executing (default): ALTER TABLE "campaignassets" ALTER COLUMN "createdAt" DROP NOT NULL;ALTER TABLE "campaignassets" ALTER COLUMN "createdAt" DROP DEFAULT;ALTER TABLE "campaignassets" ALTER COLUMN "createdAt" TYPE TIMESTAMP WITH TIME ZONE;
2025-09-20 19:02:19 [info] [Sequelize] Executing (default): ALTER TABLE "campaignassets" ALTER COLUMN "updatedAt" DROP NOT NULL;ALTER TABLE "campaignassets" ALTER COLUMN "updatedAt" DROP DEFAULT;ALTER TABLE "campaignassets" ALTER COLUMN "updatedAt" TYPE TIMESTAMP WITH TIME ZONE;
2025-09-20 19:02:19 [info] [Sequelize] Executing (default): SELECT i.relname AS name, ix.indisprimary AS primary, ix.indisunique AS unique, ix.indkey AS indkey, array_agg(a.attnum) as column_indexes, array_agg(a.attname) AS column_names, pg_get_indexdef(ix.indexrelid) AS definition FROM pg_class t, pg_class i, pg_index ix, pg_attribute a WHERE t.oid = ix.indrelid AND i.oid = ix.indexrelid AND a.attrelid = t.oid AND t.relkind = 'r' and t.relname = 'campaignassets' GROUP BY i.relname, ix.indexrelid, ix.indisprimary, ix.indisunique, ix.indkey ORDER BY i.relname;
2025-09-20 19:02:19 [info] ✅ Database synchronized.
2025-09-20 19:02:19 [info] 🚀 Server running on http://localhost:3001
2025-09-20 19:02:38 [info] ✅ Database connection established.
2025-09-20 19:02:39 [info] ✅ Database synchronized.
2025-09-20 19:02:39 [info] 🚀 Server running on http://localhost:3001
2025-09-24 17:28:08 [info] ✅ Database connection established.
2025-09-24 17:28:08 [info] ✅ Database synchronized.
2025-09-24 17:28:08 [info] 🚀 Server running on http://localhost:3001
2025-09-24 17:28:27 [info] GET /
2025-09-24 17:32:50 [info] --- Starting Database Reset ---
2025-09-24 17:32:50 [info] Step 1: Reading schema.sql file...
2025-09-24 17:32:50 [info] Step 2: Executing DROP and CREATE TABLE statements...
2025-09-24 17:32:50 [info] ✅ Database schema has been successfully reset!
2025-09-24 17:32:50 [info] Database connection closed.
2025-09-24 17:33:11 [info] --- Starting Database Seeding ---
2025-09-24 17:33:11 [info] Step 1: Reading seed.sql file...
2025-09-24 17:33:11 [info] Step 2: Executing INSERT statements...
2025-09-24 17:33:11 [info] ✅ Seed data has been successfully inserted!
2025-09-24 17:33:11 [info] Database connection closed.
2025-09-24 17:33:21 [info] ✅ Database connection established.
2025-09-24 17:33:21 [info] ✅ Database synchronized.
2025-09-24 17:33:21 [info] 🚀 Server running on http://localhost:3001
2025-09-24 17:58:34 [info] ✅ Database connection established.
2025-09-24 17:58:34 [info] ✅ Database synchronized.
2025-09-24 17:58:34 [info] 🚀 Server running on http://localhost:3001
2025-09-27 19:42:45 [info] ✅ Database connection established.
2025-09-27 19:42:46 [info] ✅ Database synchronized.
2025-09-27 19:42:46 [info] 🚀 Server running on http://localhost:3001
2025-09-27 19:54:35 [info] ✅ Database connection established.
2025-09-27 19:54:35 [info] ✅ Database synchronized.
2025-09-27 19:54:35 [info] 🚀 Server running on http://localhost:3001
2025-09-27 19:56:33 [info] ✅ Database connection established.
2025-09-27 19:56:34 [info] ✅ Database synchronized.
2025-09-27 19:56:34 [info] 🚀 Server running on http://localhost:3001
2025-09-27 19:57:06 [info] ✅ Database connection established.
2025-09-27 19:57:07 [info] ✅ Database synchronized.
2025-09-27 19:57:07 [info] 🚀 Server running on http://localhost:3001
2025-09-27 19:57:16 [info] ✅ Database connection established.
2025-09-27 19:57:16 [info] ✅ Database synchronized.
2025-09-27 19:57:16 [info] 🚀 Server running on http://localhost:3001
2025-09-27 19:57:42 [info] ✅ Database connection established.
2025-09-27 19:57:42 [info] ✅ Database synchronized.
2025-09-27 19:57:42 [info] 🚀 Server running on http://localhost:3001
2025-09-27 19:58:06 [info] ✅ Database connection established.
2025-09-27 19:58:07 [info] ✅ Database synchronized.
2025-09-27 19:58:07 [info] 🚀 Server running on http://localhost:3001
2025-09-27 19:58:28 [info] ✅ Database connection established.
2025-09-27 19:58:28 [info] ✅ Database synchronized.
2025-09-27 19:58:28 [info] 🚀 Server running on http://localhost:3001
2025-09-27 19:59:00 [info] ✅ Database connection established.
2025-09-27 19:59:00 [info] ✅ Database synchronized.
2025-09-27 19:59:00 [info] 🚀 Server running on http://localhost:3001
2025-09-28 09:56:57 [info] ✅ Database connection established.
2025-09-28 09:56:57 [info] ✅ Database synchronized.
2025-09-28 09:56:57 [info] 🚀 Server running on http://localhost:3001
2025-09-28 09:59:01 [info] ✅ Database connection established.
2025-09-28 09:59:01 [info] ✅ Database synchronized.
2025-09-28 09:59:01 [info] 🚀 Server running on http://localhost:3001
2025-09-28 10:07:27 [info] ✅ Database connection established.
2025-09-28 10:07:28 [info] ✅ Database synchronized.
2025-09-28 10:07:28 [info] 🚀 Server running on http://localhost:3001
2025-09-28 10:37:42 [info] ✅ Database connection established.
2025-09-28 10:37:43 [info] ✅ Database synchronized.
2025-09-28 10:37:43 [info] 🚀 Server running on http://localhost:3001
2025-09-28 10:42:17 [info] ✅ Database connection established.
2025-09-28 10:42:17 [info] ✅ Database synchronized.
2025-09-28 10:42:17 [info] 🚀 Server running on http://localhost:3001
2025-09-28 11:43:22 [info] ✅ Database connection established.
2025-09-28 11:43:23 [info] ✅ Database synchronized.
2025-09-28 11:43:23 [info] 🚀 Server running on http://localhost:3001
2025-09-28 11:44:55 [info] ✅ Database connection established.
2025-09-28 11:44:55 [info] ✅ Database synchronized.
2025-09-28 11:44:55 [info] 🚀 Server running on http://localhost:3001
2025-09-28 11:45:08 [info] ✅ Database connection established.
2025-09-28 11:45:09 [info] ✅ Database synchronized.
2025-09-28 11:45:09 [info] 🚀 Server running on http://localhost:3001
2025-09-28 11:45:52 [info] ✅ Database connection established.
2025-09-28 11:45:52 [info] ✅ Database synchronized.
2025-09-28 11:45:52 [info] 🚀 Server running on http://localhost:3001
2025-09-28 11:47:33 [info] ✅ Database connection established.
2025-09-28 11:47:33 [info] ✅ Database synchronized.
2025-09-28 11:47:33 [info] 🚀 Server running on http://localhost:3001
2025-09-28 12:03:53 [info] ✅ Database connection established.
2025-09-28 20:59:58 [info] ✅ Database connection established.
2025-09-28 20:59:59 [info] ✅ Database synchronized.
2025-09-28 20:59:59 [info] 🚀 Server running on http://localhost:3001
2025-09-28 21:22:23 [info] POST /register
2025-09-28 21:25:59 [info] ✅ Database connection established.
2025-09-28 21:26:20 [info] ✅ Database connection established.
2025-09-28 21:26:20 [info] ✅ Database synchronized.
2025-09-28 21:26:20 [info] 🚀 Server running on http://localhost:3001
2025-09-28 21:26:51 [info] POST /register
2025-09-28 21:26:52 [info] POST /register
2025-09-28 21:27:55 [info] POST /auth/register
2025-09-28 21:28:46 [info] POST /auth/register
2025-09-28 21:28:49 [info] POST /auth/register
2025-09-28 21:29:30 [info] POST /auth/register
2025-09-28 21:30:15 [info] POST /auth/refresh
2025-09-28 21:34:33 [info] POST //api/v1/auth/register
2025-09-28 22:18:12 [info] ✅ Database connection established.
2025-09-28 22:18:12 [info] ✅ Database synchronized.
2025-09-28 22:18:12 [info] 🚀 Server running on http://localhost:3001
2025-09-29 08:59:47 [info] ✅ Database connection established.
2025-09-29 08:59:47 [info] ✅ Database synchronized.
2025-09-29 08:59:47 [info] 🚀 Server running on http://localhost:3001
2025-09-29 14:38:13 [info] ✅ Database connection established.
2025-09-29 14:38:14 [info] ✅ Database synchronized.
2025-09-29 14:38:14 [info] 🚀 Server running on http://localhost:3001
2025-09-29 14:38:43 [info] POST /api/v1/auth/register
2025-09-29 14:38:43 [info] Incoming Request: POST /api/v1/auth/register
2025-09-29 14:38:43 [info] POST /auth/register called with data: {"name":"John Doe","email":"john@example.com","password":"mypassword"}
2025-09-29 14:38:44 [info] User registered successfully: {"id":1,"email":"john@example.com"}
2025-09-29 14:39:04 [info] POST /api/v1/auth/register
2025-09-29 14:39:04 [info] Incoming Request: POST /api/v1/auth/register
2025-09-29 14:39:04 [info] POST /auth/register called with data: {"name":"John Doe","email":"john@example.com","password":"mypassword"}
2025-09-29 14:39:18 [info] POST /api/v1/auth/register
2025-09-29 14:39:18 [info] Incoming Request: POST /api/v1/auth/register
2025-09-29 14:39:18 [info] POST /auth/register called with data: {"name":"","email":"john@example.com","password":"mypassword"}
2025-09-29 14:39:34 [error] Error: Unexpected token ',', ..."  "name": ,
  "emai"... is not valid JSON | Stack: SyntaxError: Unexpected token ',', ..."  "name": ,
  "emai"... is not valid JSON
    at JSON.parse (<anonymous>)
    at parse (C:\Users\nslk2\desire-ai-backend\node_modules\body-parser\lib\types\json.js:92:19)
    at C:\Users\nslk2\desire-ai-backend\node_modules\body-parser\lib\read.js:128:18
    at AsyncResource.runInAsyncScope (node:async_hooks:214:14)
    at invokeCallback (C:\Users\nslk2\desire-ai-backend\node_modules\raw-body\index.js:238:16)
    at done (C:\Users\nslk2\desire-ai-backend\node_modules\raw-body\index.js:227:7)
    at IncomingMessage.onEnd (C:\Users\nslk2\desire-ai-backend\node_modules\raw-body\index.js:287:7)
    at IncomingMessage.emit (node:events:518:28)
    at IncomingMessage.emit (node:domain:489:12)
    at endReadableNT (node:internal/streams/readable:1698:12)
2025-09-29 14:39:51 [info] POST /api/v1/auth/register
2025-09-29 14:39:51 [info] Incoming Request: POST /api/v1/auth/register
2025-09-29 14:39:51 [info] POST /auth/register called with data: {"name":"sri","email":"john@example.com","password":"mypassword"}
2025-09-29 14:47:25 [info] ✅ Database connection established.
2025-09-29 14:47:25 [info] ✅ Database synchronized.
2025-09-29 14:47:25 [info] 🚀 Server running on http://localhost:3001
2025-09-29 14:56:16 [info] ✅ Database connection established.
2025-09-29 14:56:16 [info] ✅ Database synchronized.
2025-09-29 14:56:16 [info] 🚀 Server running on http://localhost:3001
2025-09-29 14:56:30 [info] ✅ Database connection established.
2025-09-29 14:56:30 [info] ✅ Database synchronized.
2025-09-29 14:56:30 [info] 🚀 Server running on http://localhost:3001
2025-09-29 14:58:42 [info] ✅ Database connection established.
2025-09-29 14:58:42 [info] ✅ Database synchronized.
2025-09-29 14:58:42 [info] 🚀 Server running on http://localhost:3001
2025-09-29 15:00:23 [info] ✅ Database connection established.
2025-09-29 15:00:24 [info] ✅ Database synchronized.
2025-09-29 15:00:24 [info] 🚀 Server running on http://localhost:3001
2025-09-29 15:00:29 [info] ✅ Database connection established.
2025-09-29 15:00:29 [info] ✅ Database synchronized.
2025-09-29 15:00:29 [info] 🚀 Server running on http://localhost:3001
2025-09-29 15:00:42 [info] ✅ Database connection established.
2025-09-29 15:00:42 [info] ✅ Database synchronized.
2025-09-29 15:00:42 [info] 🚀 Server running on http://localhost:3001
2025-09-29 15:01:36 [info] ✅ Database connection established.
2025-09-29 15:01:37 [info] ✅ Database synchronized.
2025-09-29 15:01:37 [info] 🚀 Server running on http://localhost:3001
2025-09-29 15:03:55 [info] ✅ Database connection established.
2025-09-29 15:03:55 [info] ✅ Database synchronized.
2025-09-29 15:03:55 [info] 🚀 Server running on http://localhost:3001
2025-09-29 15:09:53 [info] ✅ Database connection established.
2025-09-29 15:09:53 [info] ✅ Database synchronized.
2025-09-29 15:09:53 [info] 🚀 Server running on http://localhost:3001
2025-09-29 15:13:13 [info] ✅ Database connection established.
2025-09-29 15:13:13 [info] ✅ Database synchronized.
2025-09-29 15:13:13 [info] 🚀 Server running on http://localhost:3001
2025-09-29 15:14:33 [info] ✅ Database connection established.
2025-09-29 15:14:33 [info] ✅ Database synchronized.
2025-09-29 15:14:33 [info] 🚀 Server running on http://localhost:3001
2025-09-29 15:14:46 [info] POST /api/v1/auth/register
2025-09-29 15:14:46 [info] Incoming Request: POST /api/v1/auth/register
2025-09-29 15:14:46 [info] POST /auth/register called with data: {"name":"sri","email":"john@example.com","password":"mypassword"}
2025-09-29 15:14:46 [info] User registered successfully: john@example.com
2025-09-29 15:34:12 [info] POST /api/v1/auth/register
2025-09-29 15:34:12 [info] Incoming Request: POST /api/v1/auth/register
2025-09-29 15:34:12 [info] POST /auth/register called with data: {"name":"Sri Lakshmi","email":"srilakshmi@example.com","password":"Password123!","mobile":"9876543210"}
2025-09-29 15:34:12 [info] User registered successfully: srilakshmi@example.com
2025-09-29 15:34:58 [info] POST /api/v1/auth/login
2025-09-29 15:34:58 [info] Incoming Request: POST /api/v1/auth/login
2025-09-29 15:34:58 [info] POST /auth/login called with data: {"email":"srilakshmi@example.com","password":"Password123!"}
2025-09-29 15:34:58 [info] User logged in successfully: srilakshmi@example.com
2025-09-29 15:35:40 [info] POST /api/v1/auth/refresh-token
2025-09-29 15:35:40 [info] Incoming Request: POST /api/v1/auth/refresh-token
2025-09-29 15:36:15 [info] POST /api/v1/auth/refresh-token
2025-09-29 15:36:15 [info] Incoming Request: POST /api/v1/auth/refresh-token
2025-09-29 15:36:59 [info] POST /api/v1/auth/logout
2025-09-29 15:36:59 [info] Incoming Request: POST /api/v1/auth/logout
2025-09-29 15:39:34 [info] POST /api/v1/auth/refresh-token
2025-09-29 15:39:34 [info] Incoming Request: POST /api/v1/auth/refresh-token
2025-09-29 15:39:36 [info] POST /api/v1/auth/refresh-token
2025-09-29 15:39:36 [info] Incoming Request: POST /api/v1/auth/refresh-token
2025-09-29 15:49:34 [info] POST /api/v1/auth/logout
2025-09-29 15:49:34 [info] Incoming Request: POST /api/v1/auth/logout
2025-09-29 15:49:48 [info] POST /api/v1/auth/login
2025-09-29 15:49:48 [info] Incoming Request: POST /api/v1/auth/login
2025-09-29 15:49:48 [info] POST /auth/login called with data: {"email":"srilakshmi@example.com","password":"Password123!"}
2025-09-29 15:49:48 [info] User logged in successfully: srilakshmi@example.com
2025-09-29 18:03:02 [info] POST /api/v1/auth/login
2025-09-29 18:03:02 [info] Incoming Request: POST /api/v1/auth/login
2025-09-29 18:03:02 [info] POST /auth/login called with data: {"email":"srilakshmi@example.com","password":"Password123!"}
2025-09-29 18:03:02 [info] User logged in successfully: srilakshmi@example.com
2025-09-29 18:05:58 [info] ✅ Database connection established.
2025-09-29 18:05:58 [info] ✅ Database synchronized.
2025-09-29 18:05:58 [info] 🚀 Server running on http://localhost:3001
2025-09-29 18:06:09 [info] POST /api/v1/auth/login
2025-09-29 18:06:09 [info] Incoming Request: POST /api/v1/auth/login
2025-09-29 18:06:09 [info] POST /auth/login called with data: {"email":"srilakshmi@example.com","password":"Password123"}
2025-09-29 18:06:30 [info] POST /api/v1/auth/login
2025-09-29 18:06:30 [info] Incoming Request: POST /api/v1/auth/login
2025-09-29 18:06:30 [info] POST /auth/login called with data: {"email":"srii@example.com","password":"Password123"}
2025-09-29 18:07:52 [info] POST /api/v1/auth/refresh
2025-09-29 18:07:52 [info] Incoming Request: POST /api/v1/auth/refresh
2025-09-29 18:07:52 [info] POST /auth/refresh called
2025-09-29 18:08:25 [info] POST /api/v1/auth/refresh
2025-09-29 18:08:25 [info] Incoming Request: POST /api/v1/auth/refresh
2025-09-29 18:08:25 [info] POST /auth/refresh called
2025-09-29 18:09:15 [info] POST /api/v1/auth/register
2025-09-29 18:09:15 [info] Incoming Request: POST /api/v1/auth/register
2025-09-29 18:09:15 [info] POST /auth/register called with data: {"name":"Sri Lakshmi","email":"srilakshmi@example.com","password":"Password123","confirm_password":"Password123"}
2025-09-29 18:10:55 [info] POST /api/v1/auth/register
2025-09-29 18:10:55 [info] Incoming Request: POST /api/v1/auth/register
2025-09-29 18:10:55 [info] POST /auth/register called with data: {"name":"Sri","email":"sri@example.com","password":"123","confirm_password":"123"}
2025-09-29 18:10:55 [info] User registered successfully: sri@example.com
2025-09-29 18:19:08 [info] POST /api/v1/auth/register
2025-09-29 18:19:08 [info] Incoming Request: POST /api/v1/auth/register
2025-09-29 18:19:08 [info] POST /auth/register called with data: {"name":"Sai","email":"sai@gmail.com","password":"4545","confirm_password":"4545","mobile":"9490224566"}
2025-09-29 18:19:08 [info] User registered successfully: sai@gmail.com
2025-09-29 18:22:18 [info] ✅ Database connection established.
2025-09-29 18:22:18 [info] ✅ Database synchronized.
2025-09-29 18:22:18 [info] 🚀 Server running on http://localhost:3001
2025-09-29 18:22:26 [info] POST /api/v1/auth/register
2025-09-29 18:22:26 [info] Incoming Request: POST /api/v1/auth/register
2025-09-29 18:22:26 [info] POST /auth/register called with data: {"name":"Sai","email":"sai@gmail.com","password":"4545","confirm_password":"4545","mobile":"9490224566"}
2025-09-29 18:22:59 [info] POST /api/v1/auth/register
2025-09-29 18:22:59 [info] Incoming Request: POST /api/v1/auth/register
2025-09-29 18:22:59 [info] POST /auth/register called with data: {"name":"Sree","email":"sree@gmail.com","password":"1351","confirm_password":"1351","mobile":"9490424566"}
2025-09-29 18:23:00 [info] User registered successfully: sree@gmail.com
2025-09-29 18:23:29 [info] POST /api/v1/auth/register
2025-09-29 18:23:29 [info] Incoming Request: POST /api/v1/auth/register
2025-09-29 18:23:29 [info] POST /auth/register called with data: {"name":"Sree","email":"sree@gmail.com","password":"1351","confirm_password":"1351","mobile":"9490424566"}
2025-09-29 18:25:58 [info] POST /api/v1/auth/login
2025-09-29 18:25:58 [info] Incoming Request: POST /api/v1/auth/login
2025-09-29 18:25:58 [info] POST /auth/login called with data: {"email":"sree@gmail.com","password":"1351"}
2025-09-29 18:25:59 [info] User logged in successfully: sree@gmail.com
2025-09-29 18:30:34 [info] ✅ Database connection established.
2025-09-29 18:30:34 [info] ✅ Database synchronized.
2025-09-29 18:30:35 [info] 🚀 Server running on http://localhost:3001
2025-09-29 18:30:39 [info] POST /api/v1/auth/login
2025-09-29 18:30:39 [info] Incoming Request: POST /api/v1/auth/login
2025-09-29 18:30:39 [info] POST /auth/login called with data: {"email":"sree@gmail.com","password":"1351"}
2025-09-29 18:30:39 [info] User logged in successfully: sree@gmail.com
2025-09-29 18:33:04 [info] POST /api/v1/auth/refresh
2025-09-29 18:33:04 [info] Incoming Request: POST /api/v1/auth/refresh
2025-09-29 18:33:04 [info] POST /auth/refresh called
2025-09-29 21:18:12 [info] ✅ Database connection established.
2025-09-29 21:18:12 [info] ✅ Database synchronized.
2025-09-29 21:18:12 [info] 🚀 Server running on http://localhost:3001
2025-09-29 21:31:10 [info] POST /api/v1/auth/register
2025-09-29 21:31:10 [info] Incoming Request: POST /api/v1/auth/register
2025-09-29 21:31:10 [info] POST /auth/register called with data: {"name":"Sree","email":"sree@gmail.com","password":"1351","confirm_password":"1351","mobile":"9490424566"}
2025-09-29 21:31:20 [info] POST /api/v1/auth/register
2025-09-29 21:31:20 [info] Incoming Request: POST /api/v1/auth/register
2025-09-29 21:31:20 [info] POST /auth/register called with data: {"name":"","email":"sree@gmail.com","password":"1351","confirm_password":"1351","mobile":"9490424566"}
2025-09-29 21:31:47 [info] POST /api/v1/auth/register
2025-09-29 21:31:47 [info] Incoming Request: POST /api/v1/auth/register
2025-09-29 21:31:47 [info] POST /auth/register called with data: {"name":"ss","email":"ss@gmail.com","password":"1111","confirm_password":"1111","mobile":"9494424566"}
2025-09-29 21:31:47 [info] User registered successfully: ss@gmail.com
2025-09-29 21:32:23 [info] POST /api/v1/auth/register
2025-09-29 21:32:23 [info] Incoming Request: POST /api/v1/auth/register
2025-09-29 21:32:23 [info] POST /auth/register called with data: {"name":"sas","email":"ss@gmail.com","password":"1111","confirm_password":"1111","mobile":"9494424566"}
2025-09-29 21:33:28 [info] POST /api/v1/auth/register
2025-09-29 21:33:28 [info] Incoming Request: POST /api/v1/auth/register
2025-09-29 21:33:28 [info] POST /auth/register called with data: {"name":"sas","email":"s@gmail.com","password":"1111","confirm_password":"1111","mobile":"9494424566"}
2025-09-29 21:33:29 [info] User registered successfully: s@gmail.com
2025-09-29 21:33:56 [info] POST /api/v1/auth/register
2025-09-29 21:33:56 [info] Incoming Request: POST /api/v1/auth/register
2025-09-29 21:33:56 [info] POST /auth/register called with data: {"name":"sas","email":"f@gmail.com","password":"1111","confirm_password":"1111","mobile":"9494424566"}
2025-09-29 21:33:56 [info] User registered successfully: f@gmail.com
2025-09-29 21:35:11 [info] POST /api/v1/auth/login
2025-09-29 21:35:11 [info] Incoming Request: POST /api/v1/auth/login
2025-09-29 21:35:11 [info] POST /auth/login called with data: {"email":"sas@gmail.com","password":"1111"}
2025-09-29 21:35:20 [info] POST /api/v1/auth/login
2025-09-29 21:35:20 [info] Incoming Request: POST /api/v1/auth/login
2025-09-29 21:35:20 [info] POST /auth/login called with data: {"email":"f@gmail.com","password":"1111"}
2025-09-29 21:35:20 [info] User logged in successfully: f@gmail.com
2025-09-29 22:16:01 [info] ✅ Database connection established.
2025-09-29 22:16:01 [info] ✅ Database synchronized.
2025-09-29 22:16:01 [info] 🚀 Server running on http://localhost:3001
2025-09-29 22:16:09 [info] POST /api/v1/auth/refresh
2025-09-29 22:16:09 [info] Incoming Request: POST /api/v1/auth/refresh
2025-09-29 22:16:09 [info] POST /auth/refresh called
2025-09-29 22:16:16 [info] POST /api/v1/auth/register
2025-09-29 22:16:16 [info] Incoming Request: POST /api/v1/auth/register
2025-09-29 22:16:16 [info] POST /auth/register called with data: {"name":"sas","email":"f@gmail.com","password":"1111","confirm_password":"1111","mobile":"9494424566"}
2025-09-30 08:50:14 [info] ✅ Database connection established.
2025-09-30 08:50:14 [info] ✅ Database synchronized.
2025-09-30 08:50:14 [info] 🚀 Server running on http://localhost:3001
2025-09-30 08:50:32 [info] POST /api/v1/auth/register
2025-09-30 08:50:32 [info] Incoming Request: POST /api/v1/auth/register
2025-09-30 08:50:32 [info] POST /auth/register called with data: {"name":"sas","email":"f@gmail.com","password":"1111","confirm_password":"1111","mobile":"9494424566"}
2025-09-30 08:50:49 [info] POST /api/v1/auth/register
2025-09-30 08:50:49 [info] Incoming Request: POST /api/v1/auth/register
2025-09-30 08:50:49 [info] POST /auth/register called with data: {"name":"vibha","email":"v@gmail.com","password":"1111","confirm_password":"1111","mobile":"9494424566"}
2025-09-30 08:50:49 [info] User registered successfully: v@gmail.com
2025-09-30 08:51:02 [info] POST /api/v1/auth/login
2025-09-30 08:51:02 [info] Incoming Request: POST /api/v1/auth/login
2025-09-30 08:51:02 [info] POST /auth/login called with data: {"email":"v@gmail.com","password":"1111"}
2025-09-30 08:51:02 [info] User logged in successfully: v@gmail.com
2025-09-30 09:23:50 [info] POST /api/v1/auth/register
2025-09-30 09:23:50 [info] Incoming Request: POST /api/v1/auth/register
2025-09-30 09:23:50 [info] POST /auth/register called with data: {"name":"vibha","email":"v@gmail.com","password":"1111","confirm_password":"1111","mobile":"9494424566"}
2025-09-30 09:24:06 [info] POST /api/v1/auth/register
2025-09-30 09:24:06 [info] Incoming Request: POST /api/v1/auth/register
2025-09-30 09:24:06 [info] POST /auth/register called with data: {"name":"vibhaa","email":"vibha@gmail.com","password":"1111","confirm_password":"1111","mobile":"9494424566"}
2025-09-30 09:24:06 [info] User registered successfully: vibha@gmail.com
2025-09-30 09:24:24 [info] POST /api/v1/auth/login
2025-09-30 09:24:24 [info] Incoming Request: POST /api/v1/auth/login
2025-09-30 09:24:24 [info] POST /auth/login called with data: {"email":"vibha@gmail.com","password":"1111"}
2025-09-30 09:24:24 [info] User logged in successfully: vibha@gmail.com
2025-09-30 09:24:36 [info] POST /api/v1/auth/login
2025-09-30 09:24:36 [info] Incoming Request: POST /api/v1/auth/login
2025-09-30 09:24:36 [info] POST /auth/login called with data: {"email":"vibha@gmail.com","password":"1211"}
2025-09-30 11:43:35 [info] ✅ Database connection established.
2025-09-30 11:43:35 [info] ✅ Database synchronized.
2025-09-30 11:43:35 [info] 🚀 Server running on http://localhost:3001
2025-09-30 11:44:18 [info] POST /api/v1/auth/refresh
2025-09-30 11:44:18 [info] Incoming Request: POST /api/v1/auth/refresh
2025-09-30 11:44:18 [info] POST /auth/refresh called
2025-09-30 11:44:18 [error] Invalid refresh token
2025-09-30 11:47:03 [info] POST /api/v1/auth/refresh
2025-09-30 11:47:03 [info] Incoming Request: POST /api/v1/auth/refresh
2025-09-30 11:47:03 [info] POST /auth/refresh called
2025-09-30 11:47:03 [error] Invalid refresh token
2025-09-30 12:15:14 [info] ✅ Database connection established.
2025-09-30 12:15:14 [info] ✅ Database synchronized.
2025-09-30 12:15:14 [info] 🚀 Server running on http://localhost:3001
2025-09-30 12:15:29 [info] POST /api/v1/auth/refresh
2025-09-30 12:15:29 [info] Incoming Request: POST /api/v1/auth/refresh
2025-09-30 12:15:29 [info] POST /auth/refresh called
2025-09-30 12:15:29 [error] Invalid refresh token
2025-09-30 12:20:18 [info] ✅ Database connection established.
2025-09-30 12:20:18 [info] ✅ Database synchronized.
2025-09-30 12:20:18 [info] 🚀 Server running on http://localhost:3001
2025-09-30 12:20:23 [info] POST /api/v1/auth/refresh
2025-09-30 12:20:23 [info] Incoming Request: POST /api/v1/auth/refresh
2025-09-30 12:20:23 [info] POST /auth/refresh called
2025-09-30 12:20:23 [error] Invalid refresh token
2025-09-30 12:22:33 [info] ✅ Database connection established.
2025-09-30 12:22:33 [info] ✅ Database synchronized.
2025-09-30 12:22:33 [info] 🚀 Server running on http://localhost:3001
2025-09-30 12:22:43 [info] ✅ Database connection established.
2025-09-30 12:22:43 [info] ✅ Database synchronized.
2025-09-30 12:22:43 [info] 🚀 Server running on http://localhost:3001
2025-09-30 12:23:50 [info] ✅ Database connection established.
2025-09-30 12:23:50 [info] ✅ Database synchronized.
2025-09-30 12:23:50 [info] 🚀 Server running on http://localhost:3001
2025-09-30 12:24:29 [info] ✅ Database connection established.
2025-09-30 12:24:29 [info] ✅ Database synchronized.
2025-09-30 12:24:29 [info] 🚀 Server running on http://localhost:3001
2025-09-30 12:25:20 [info] ✅ Database connection established.
2025-09-30 12:25:21 [info] ✅ Database synchronized.
2025-09-30 12:25:21 [info] 🚀 Server running on http://localhost:3001
2025-10-01 19:17:16 [info] ✅ Database connection established.
2025-10-01 19:17:17 [info] ✅ Database synchronized.
2025-10-01 19:17:17 [info] 🚀 Server running on http://localhost:3001
2025-10-01 19:17:38 [info] POST /api/v1/auth/refresh
2025-10-01 19:17:38 [info] Incoming Request: POST /api/v1/auth/refresh
2025-10-01 19:17:38 [info] POST /auth/refresh called
2025-10-01 19:17:38 [error] Invalid refresh token
2025-10-01 19:17:52 [info] POST /api/v1/auth/refresh
2025-10-01 19:17:52 [info] Incoming Request: POST /api/v1/auth/refresh
2025-10-01 19:17:52 [info] POST /auth/refresh called
2025-10-01 19:17:52 [error] Invalid refresh token
2025-10-01 19:17:59 [info] POST /api/v1/auth/refresh
2025-10-01 19:17:59 [info] Incoming Request: POST /api/v1/auth/refresh
2025-10-01 19:17:59 [info] POST /auth/refresh called
2025-10-01 19:17:59 [error] Invalid refresh token
2025-10-01 19:31:51 [info] ✅ Database connection established.
2025-10-01 19:31:51 [info] ✅ Database synchronized.
2025-10-01 19:31:51 [info] 🚀 Server running on http://localhost:3001
2025-10-01 19:31:57 [info] POST /api/v1/auth/register
2025-10-01 19:31:57 [info] Incoming Request: POST /api/v1/auth/register
2025-10-01 19:31:57 [info] POST /auth/register called with data: {"name":"jay","email":"jay@gmail.com","password":"1111","confirm_password":"1111","mobile":"9494424566"}
2025-10-01 19:31:57 [info] User registered successfully: jay@gmail.com
2025-10-01 19:32:15 [info] POST /api/v1/auth/login
2025-10-01 19:32:15 [info] Incoming Request: POST /api/v1/auth/login
2025-10-01 19:32:15 [info] POST /auth/login called with data: {"email":"jay@gmail.com","password":"1211"}
2025-10-01 19:32:22 [info] POST /api/v1/auth/login
2025-10-01 19:32:22 [info] Incoming Request: POST /api/v1/auth/login
2025-10-01 19:32:22 [info] POST /auth/login called with data: {"email":"jay@gmail.com","password":"1111"}
2025-10-01 19:32:22 [info] User logged in successfully: jay@gmail.com
2025-10-01 19:32:42 [info] POST /api/v1/auth/refresh
2025-10-01 19:32:42 [info] Incoming Request: POST /api/v1/auth/refresh
2025-10-01 19:32:42 [info] POST /auth/refresh called
2025-10-01 19:32:42 [info] Access token refreshed for: jay@gmail.com
2025-10-01 21:40:48 [info] ✅ Database connection established.
2025-10-01 21:40:49 [info] ✅ Database synchronized.
2025-10-01 21:40:49 [info] 🚀 Server running on http://localhost:3001
2025-10-01 21:43:23 [info] ✅ Database connection established.
2025-10-01 21:43:23 [info] ✅ Database synchronized.
2025-10-01 21:43:23 [info] 🚀 Server running on http://localhost:3001
2025-10-01 21:44:48 [info] POST /api/v1/auth/register
2025-10-01 21:44:48 [info] Incoming Request: POST /api/v1/auth/register
2025-10-01 21:44:48 [info] POST /auth/register called with data: {"name":"jay","email":"jay@gmail.com","password":"1111","confirm_password":"1111","mobile":"9494424566"}
2025-10-01 21:44:48 [error] Register error: Email already in use
2025-10-01 21:44:55 [info] POST /api/v1/auth/login
2025-10-01 21:44:55 [info] Incoming Request: POST /api/v1/auth/login
2025-10-01 21:44:55 [info] POST /auth/login called with data: {"email":"jay@gmail.com","password":"1111"}
2025-10-01 21:44:55 [error] Login error: "expiresIn" should be a number of seconds or string representing a timespan
2025-10-01 21:44:59 [info] POST /api/v1/auth/login
2025-10-01 21:44:59 [info] Incoming Request: POST /api/v1/auth/login
2025-10-01 21:44:59 [info] POST /auth/login called with data: {"email":"jay@gmail.com","password":"1111"}
2025-10-01 21:44:59 [error] Login error: "expiresIn" should be a number of seconds or string representing a timespan
2025-10-01 21:45:11 [info] POST /api/v1/auth/refresh
2025-10-01 21:45:11 [info] Incoming Request: POST /api/v1/auth/refresh
2025-10-01 21:45:11 [info] POST /auth/refresh called
2025-10-01 21:45:11 [error] Refresh error: Invalid token
2025-10-01 21:45:14 [info] POST /api/v1/auth/refresh
2025-10-01 21:45:14 [info] Incoming Request: POST /api/v1/auth/refresh
2025-10-01 21:45:14 [info] POST /auth/refresh called
2025-10-01 21:45:14 [error] Refresh error: Invalid token
2025-10-01 21:45:26 [info] POST /api/v1/auth/register
2025-10-01 21:45:26 [info] Incoming Request: POST /api/v1/auth/register
2025-10-01 21:45:26 [info] POST /auth/register called with data: {"name":"jaya","email":"jaya@gmail.com","password":"1111","confirm_password":"1111","mobile":"9494424566"}
2025-10-01 21:45:27 [info] User jaya@gmail.com registered
2025-10-01 21:45:35 [info] POST /api/v1/auth/login
2025-10-01 21:45:35 [info] Incoming Request: POST /api/v1/auth/login
2025-10-01 21:45:35 [info] POST /auth/login called with data: {"email":"jaya@gmail.com","password":"1111"}
2025-10-01 21:45:35 [error] Login error: "expiresIn" should be a number of seconds or string representing a timespan
2025-10-01 21:45:37 [info] POST /api/v1/auth/login
2025-10-01 21:45:37 [info] Incoming Request: POST /api/v1/auth/login
2025-10-01 21:45:37 [info] POST /auth/login called with data: {"email":"jaya@gmail.com","password":"1111"}
2025-10-01 21:45:37 [error] Login error: "expiresIn" should be a number of seconds or string representing a timespan
2025-10-01 21:46:34 [info] ✅ Database connection established.
2025-10-01 21:46:35 [info] ✅ Database synchronized.
2025-10-01 21:46:35 [info] 🚀 Server running on http://localhost:3001
2025-10-01 21:46:40 [info] POST /api/v1/auth/login
2025-10-01 21:46:40 [info] Incoming Request: POST /api/v1/auth/login
2025-10-01 21:46:40 [info] POST /auth/login called with data: {"email":"jaya@gmail.com","password":"1111"}
2025-10-01 21:46:41 [info] User logged in successfully: jaya@gmail.com
2025-10-01 21:47:02 [info] POST /api/v1/auth/refresh
2025-10-01 21:47:02 [info] Incoming Request: POST /api/v1/auth/refresh
2025-10-01 21:47:02 [info] POST /auth/refresh called
2025-10-01 21:47:03 [info] Access token refreshed for: jaya@gmail.com
2025-10-02 12:56:34 [info] ✅ Database connection established.
2025-10-02 12:56:35 [info] ✅ Database synchronized.
2025-10-02 12:56:35 [info] 🚀 Server running on http://localhost:3001
2025-10-02 13:04:28 [info] ✅ Database connection established.
2025-10-02 13:04:28 [info] ✅ Database synchronized.
2025-10-02 13:04:28 [info] 🚀 Server running on http://localhost:3001
2025-10-02 13:04:43 [info] ✅ Database connection established.
2025-10-02 13:04:43 [info] ✅ Database synchronized.
2025-10-02 13:04:43 [info] 🚀 Server running on http://localhost:3001
2025-10-02 13:05:14 [info] POST /api/v1/auth/register
2025-10-02 13:05:14 [info] Incoming Request: POST /api/v1/auth/register
2025-10-02 13:05:14 [info] POST /auth/register called with data: {"name":"Dhanu","email":"dhanu@gmail.com","password":"1111","confirm_password":"1111","mobile":"9494424566"}
2025-10-02 13:05:15 [info] User registered successfully: dhanu@gmail.com
2025-10-02 13:05:28 [info] POST /api/v1/auth/login
2025-10-02 13:05:28 [info] Incoming Request: POST /api/v1/auth/login
2025-10-02 13:05:28 [info] POST /auth/login called with data: {"email":"dhanu@gmail.com","password":"1111"}
2025-10-02 13:05:28 [info] User logged in successfully: dhanu@gmail.com
2025-10-02 13:05:54 [info] POST /api/v1/auth/refresh
2025-10-02 13:05:54 [info] Incoming Request: POST /api/v1/auth/refresh
2025-10-02 13:05:54 [info] POST /auth/refresh called
2025-10-02 13:05:54 [info] Access token refreshed for: dhanu@gmail.com
2025-10-02 13:57:22 [info] ✅ Database connection established.
2025-10-02 13:57:22 [info] ✅ Database synchronized.
2025-10-02 13:57:22 [info] 🚀 Server running on http://localhost:3001
2025-10-02 13:59:56 [info] ✅ Database connection established.
2025-10-02 13:59:56 [info] ✅ Database synchronized.
2025-10-02 13:59:56 [info] 🚀 Server running on http://localhost:3001
2025-10-02 14:00:30 [info] POST /api/v1/auth/register
2025-10-02 14:00:30 [info] Incoming Request: POST /api/v1/auth/register
2025-10-02 14:00:30 [info] POST /auth/register called with data: {"name":"Dhanuu","email":"dhanuu@gmail.com","password":"1111","confirm_password":"1111","mobile":"9494424566"}
2025-10-02 14:00:30 [info] User registered successfully: dhanuu@gmail.com
2025-10-02 14:00:39 [info] POST /api/v1/auth/login
2025-10-02 14:00:39 [info] Incoming Request: POST /api/v1/auth/login
2025-10-02 14:00:39 [info] POST /auth/login called with data: {"email":"dhanuu@gmail.com","password":"1111"}
2025-10-02 14:00:39 [info] User logged in successfully: dhanuu@gmail.com
2025-10-02 14:01:06 [info] POST /api/v1/auth/refresh
2025-10-02 14:01:06 [info] Incoming Request: POST /api/v1/auth/refresh
2025-10-02 14:01:06 [info] POST /auth/refresh called
2025-10-02 14:01:06 [info] Access token refreshed for: dhanuu@gmail.com
2025-10-02 14:01:55 [info] POST /api/v1/auth/register
2025-10-02 14:01:55 [info] Incoming Request: POST /api/v1/auth/register
2025-10-02 14:01:55 [info] POST /auth/register called with data: {"name":"Dhanu","email":"dhanu@gmail.com","password":"1111","confirm_password":"1111","mobile":"9494424566"}
2025-10-02 14:33:32 [info] ✅ Database connection established.
2025-10-02 14:33:33 [info] ✅ Database synchronized.
2025-10-02 14:33:33 [info] 🚀 Server running on http://localhost:3001
2025-10-02 14:33:43 [info] ✅ Database connection established.
2025-10-02 14:33:43 [info] ✅ Database synchronized.
2025-10-02 14:33:43 [info] 🚀 Server running on http://localhost:3001
2025-10-02 14:34:42 [info] ✅ Database connection established.
2025-10-02 14:34:42 [info] ✅ Database synchronized.
2025-10-02 14:34:42 [info] 🚀 Server running on http://localhost:3001
2025-10-02 14:35:27 [info] ✅ Database connection established.
2025-10-02 14:35:27 [info] ✅ Database synchronized.
2025-10-02 14:35:27 [info] 🚀 Server running on http://localhost:3001
2025-10-02 14:35:56 [info] ✅ Database connection established.
2025-10-02 14:35:56 [info] ✅ Database synchronized.
2025-10-02 14:35:56 [info] 🚀 Server running on http://localhost:3001
2025-10-02 14:36:04 [info] ✅ Database connection established.
2025-10-02 14:36:05 [info] ✅ Database synchronized.
2025-10-02 14:36:05 [info] 🚀 Server running on http://localhost:3001
2025-10-02 14:37:50 [info] ✅ Database connection established.
2025-10-02 14:37:50 [info] ✅ Database synchronized.
2025-10-02 14:37:50 [info] 🚀 Server running on http://localhost:3001
2025-10-02 14:39:02 [info] POST /api/v1/auth/register
2025-10-02 14:39:02 [info] Incoming Request: POST /api/v1/auth/register
2025-10-02 14:39:02 [info] POST /auth/register called with data: {"name":"Dhanu","email":"dhanu@gmail.com","password":"1111","confirm_password":"1111","mobile":"9494424566"}
2025-10-02 14:44:40 [info] ✅ Database connection established.
2025-10-02 14:44:40 [info] ✅ Database synchronized.
2025-10-02 14:44:40 [info] 🚀 Server running on http://localhost:3001
